[    0.000000] Linux version 4.15.0-212-generic (buildd@lcy02-amd64-083) (gcc version 7.5.0 (Ubuntu 7.5.0-3ubuntu1~18.04)) #223-Ubuntu SMP Tue May 23 13:09:22 UTC 2023 (Ubuntu 4.15.0-212.223-generic 4.15.18)
[    0.000000] Command line: BOOT_IMAGE=/boot/vmlinuz-4.15.0-212-generic root=LABEL=cloudimg-rootfs ro console=tty1 console=ttyS0
[    0.000000] KERNEL supported cpus:
[    0.000000]   Intel GenuineIntel
[    0.000000]   AMD AuthenticAMD
[    0.000000]   Centaur CentaurHauls
[    0.000000] x86/fpu: Supporting XSAVE feature 0x001: 'x87 floating point registers'
[    0.000000] x86/fpu: Supporting XSAVE feature 0x002: 'SSE registers'
[    0.000000] x86/fpu: Supporting XSAVE feature 0x004: 'AVX registers'
[    0.000000] x86/fpu: xstate_offset[2]:  576, xstate_sizes[2]:  256
[    0.000000] x86/fpu: Enabled xstate features 0x7, context size is 832 bytes, using 'standard' format.
[    0.000000] e820: BIOS-provided physical RAM map:
[    0.000000] BIOS-e820: [mem 0x0000000000000000-0x000000000009fbff] usable
[    0.000000] BIOS-e820: [mem 0x000000000009fc00-0x000000000009ffff] reserved
[    0.000000] BIOS-e820: [mem 0x00000000000f0000-0x00000000000fffff] reserved
[    0.000000] BIOS-e820: [mem 0x0000000000100000-0x000000001ffeffff] usable
[    0.000000] BIOS-e820: [mem 0x000000001fff0000-0x000000001fffffff] ACPI data
[    0.000000] BIOS-e820: [mem 0x00000000fec00000-0x00000000fec00fff] reserved
[    0.000000] BIOS-e820: [mem 0x00000000fee00000-0x00000000fee00fff] reserved
[    0.000000] BIOS-e820: [mem 0x00000000fffc0000-0x00000000ffffffff] reserved
[    0.000000] NX (Execute Disable) protection: active
[    0.000000] SMBIOS 2.5 present.
[    0.000000] DMI: innotek GmbH VirtualBox/VirtualBox, BIOS VirtualBox 12/01/2006
[    0.000000] Hypervisor detected: KVM
[    0.000000] e820: last_pfn = 0x1fff0 max_arch_pfn = 0x400000000
[    0.000000] MTRR: Disabled
[    0.000000] x86/PAT: MTRRs disabled, skipping PAT initialization too.
[    0.000000] CPU MTRRs all blank - virtualized system.
[    0.000000] x86/PAT: Configuration [0-7]: WB  WT  UC- UC  WB  WT  UC- UC  
[    0.000000] found SMP MP-table at [mem 0x0009fff0-0x0009ffff]
[    0.000000] Scanning 1 areas for low memory corruption
[    0.000000] RAMDISK: [mem 0x1db01000-0x1ee12fff]
[    0.000000] ACPI: Early table checksum verification disabled
[    0.000000] ACPI: RSDP 0x00000000000E0000 000024 (v02 VBOX  )
[    0.000000] ACPI: XSDT 0x000000001FFF0030 00003C (v01 VBOX   VBOXXSDT 00000001 ASL  00000061)
[    0.000000] ACPI: FACP 0x000000001FFF00F0 0000F4 (v04 VBOX   VBOXFACP 00000001 ASL  00000061)
[    0.000000] ACPI: DSDT 0x000000001FFF0470 002325 (v02 VBOX   VBOXBIOS 00000002 INTL 20200925)
[    0.000000] ACPI: FACS 0x000000001FFF0200 000040
[    0.000000] ACPI: FACS 0x000000001FFF0200 000040
[    0.000000] ACPI: APIC 0x000000001FFF0240 000054 (v02 VBOX   VBOXAPIC 00000001 ASL  00000061)
[    0.000000] ACPI: SSDT 0x000000001FFF02A0 0001CC (v01 VBOX   VBOXCPUT 00000002 INTL 20200925)
[    0.000000] ACPI: Reserving FACP table memory at [mem 0x1fff00f0-0x1fff01e3]
[    0.000000] ACPI: Reserving DSDT table memory at [mem 0x1fff0470-0x1fff2794]
[    0.000000] ACPI: Reserving FACS table memory at [mem 0x1fff0200-0x1fff023f]
[    0.000000] ACPI: Reserving FACS table memory at [mem 0x1fff0200-0x1fff023f]
[    0.000000] ACPI: Reserving APIC table memory at [mem 0x1fff0240-0x1fff0293]
[    0.000000] ACPI: Reserving SSDT table memory at [mem 0x1fff02a0-0x1fff046b]
[    0.000000] No NUMA configuration found
[    0.000000] Faking a node at [mem 0x0000000000000000-0x000000001ffeffff]
[    0.000000] NODE_DATA(0) allocated [mem 0x1ffc5000-0x1ffeffff]
[    0.000000] kvm-clock: cpu 0, msr 0:1ff44001, primary cpu clock
[    0.000000] kvm-clock: Using msrs 4b564d01 and 4b564d00
[    0.000000] kvm-clock: using sched offset of 3083953284 cycles
[    0.000000] clocksource: kvm-clock: mask: 0xffffffffffffffff max_cycles: 0x1cd42e4dffb, max_idle_ns: 881590591483 ns
[    0.000000] Zone ranges:
[    0.000000]   DMA      [mem 0x0000000000001000-0x0000000000ffffff]
[    0.000000]   DMA32    [mem 0x0000000001000000-0x000000001ffeffff]
[    0.000000]   Normal   empty
[    0.000000]   Device   empty
[    0.000000] Movable zone start for each node
[    0.000000] Early memory node ranges
[    0.000000]   node   0: [mem 0x0000000000001000-0x000000000009efff]
[    0.000000]   node   0: [mem 0x0000000000100000-0x000000001ffeffff]
[    0.000000] Reserved but unavailable: 104 pages
[    0.000000] Initmem setup node 0 [mem 0x0000000000001000-0x000000001ffeffff]
[    0.000000] ACPI: PM-Timer IO Port: 0x4008
[    0.000000] IOAPIC[0]: apic_id 1, version 32, address 0xfec00000, GSI 0-23
[    0.000000] ACPI: INT_SRC_OVR (bus 0 bus_irq 0 global_irq 2 dfl dfl)
[    0.000000] ACPI: INT_SRC_OVR (bus 0 bus_irq 9 global_irq 9 low level)
[    0.000000] Using ACPI (MADT) for SMP configuration information
[    0.000000] smpboot: Allowing 1 CPUs, 0 hotplug CPUs
[    0.000000] PM: Registered nosave memory: [mem 0x00000000-0x00000fff]
[    0.000000] PM: Registered nosave memory: [mem 0x0009f000-0x0009ffff]
[    0.000000] PM: Registered nosave memory: [mem 0x000a0000-0x000effff]
[    0.000000] PM: Registered nosave memory: [mem 0x000f0000-0x000fffff]
[    0.000000] e820: [mem 0x20000000-0xfebfffff] available for PCI devices
[    0.000000] Booting paravirtualized kernel on KVM
[    0.000000] clocksource: refined-jiffies: mask: 0xffffffff max_cycles: 0xffffffff, max_idle_ns: 7645519600211568 ns
[    0.000000] setup_percpu: NR_CPUS:8192 nr_cpumask_bits:1 nr_cpu_ids:1 nr_node_ids:1
[    0.000000] percpu: Embedded 50 pages/cpu s167936 r8192 d28672 u2097152
[    0.000000] PV qspinlock hash table entries: 256 (order: 0, 4096 bytes)
[    0.000000] Built 1 zonelists, mobility grouping on.  Total pages: 128889
[    0.000000] Policy zone: DMA32
[    0.000000] Kernel command line: BOOT_IMAGE=/boot/vmlinuz-4.15.0-212-generic root=LABEL=cloudimg-rootfs ro console=tty1 console=ttyS0
[    0.000000] Memory: 466748K/523832K available (12300K kernel code, 2477K rwdata, 4324K rodata, 2480K init, 2720K bss, 57084K reserved, 0K cma-reserved)
[    0.000000] SLUB: HWalign=64, Order=0-3, MinObjects=0, CPUs=1, Nodes=1
[    0.000000] Kernel/User page tables isolation: enabled
[    0.000000] ftrace: allocating 39508 entries in 155 pages
[    0.004000] Hierarchical RCU implementation.
[    0.004000] 	RCU restricting CPUs from NR_CPUS=8192 to nr_cpu_ids=1.
[    0.004000] 	Tasks RCU enabled.
[    0.004000] RCU: Adjusting geometry for rcu_fanout_leaf=16, nr_cpu_ids=1
[    0.004000] NR_IRQS: 524544, nr_irqs: 256, preallocated irqs: 16
[    0.004000] random: crng init done
[    0.004000] Console: colour VGA+ 80x25
[    0.004000] console [tty1] enabled
[    0.004000] console [ttyS0] enabled
[    0.004000] ACPI: Core revision 20170831
[    0.004000] ACPI: 2 ACPI AML tables successfully acquired and loaded
[    0.004000] APIC: Switch to symmetric I/O mode setup
[    0.004000] x2apic enabled
[    0.004000] Switched APIC routing to physical x2apic.
[    0.004000] ..TIMER: vector=0x30 apic1=0 pin1=2 apic2=-1 pin2=-1
[    0.004000] tsc: Detected 2419.200 MHz processor
[    0.004000] Calibrating delay loop (skipped) preset value.. 4838.40 BogoMIPS (lpj=9676800)
[    0.004004] pid_max: default: 32768 minimum: 301
[    0.004505] Security Framework initialized
[    0.004937] Yama: becoming mindful.
[    0.005328] AppArmor: AppArmor initialized
[    0.005824] Dentry cache hash table entries: 65536 (order: 7, 524288 bytes)
[    0.006543] Inode-cache hash table entries: 32768 (order: 6, 262144 bytes)
[    0.007231] Mount-cache hash table entries: 1024 (order: 1, 8192 bytes)
[    0.008006] Mountpoint-cache hash table entries: 1024 (order: 1, 8192 bytes)
[    0.009043] process: using mwait in idle threads
[    0.009566] Last level iTLB entries: 4KB 0, 2MB 0, 4MB 0
[    0.010127] Last level dTLB entries: 4KB 0, 2MB 0, 4MB 0, 1GB 0
[    0.010751] Spectre V1 : Mitigation: usercopy/swapgs barriers and __user pointer sanitization
[    0.012002] Spectre V2 : Mitigation: Retpolines
[    0.012507] Spectre V2 : Spectre v2 / SpectreRSB mitigation: Filling RSB on context switch
[    0.013350] Spectre V2 : Spectre v2 / SpectreRSB : Filling RSB on VMEXIT
[    0.014097] Speculative Store Bypass: Vulnerable
[    0.014723] MDS: Mitigation: Clear CPU buffers
[    0.027292] Freeing SMP alternatives memory: 36K
[    0.136000] APIC calibration not consistent with PM-Timer: 97ms instead of 100ms
[    0.136000] APIC delta adjusted to PM-Timer: 6250220 (6096826)
[    0.136039] smpboot: CPU0: 11th Gen Intel(R) Core(TM) i5-1135G7 @ 2.40GHz (family: 0x6, model: 0x8c, stepping: 0x1)
[    0.137296] Performance Events: unsupported p6 CPU model 140 no PMU driver, software events only.
[    0.138366] Hierarchical SRCU implementation.
[    0.139582] NMI watchdog: Perf event create on CPU 0 failed with -2
[    0.140001] NMI watchdog: Perf NMI watchdog permanently disabled
[    0.140730] smp: Bringing up secondary CPUs ...
[    0.141267] smp: Brought up 1 node, 1 CPU
[    0.141749] smpboot: Max logical packages: 1
[    0.142257] smpboot: Total of 1 processors activated (4838.40 BogoMIPS)
[    0.143118] devtmpfs: initialized
[    0.143610] x86/mm: Memory block size: 128MB
[    0.144087] evm: security.selinux
[    0.144503] evm: security.SMACK64
[    0.144913] evm: security.SMACK64EXEC
[    0.145357] evm: security.SMACK64TRANSMUTE
[    0.145848] evm: security.SMACK64MMAP
[    0.146294] evm: security.apparmor
[    0.146719] evm: security.ima
[    0.147093] evm: security.capability
[    0.147596] clocksource: jiffies: mask: 0xffffffff max_cycles: 0xffffffff, max_idle_ns: 7645041785100000 ns
[    0.148008] futex hash table entries: 256 (order: 2, 16384 bytes)
[    0.148743] pinctrl core: initialized pinctrl subsystem
[    0.149424] RTC time: 21:30:06, date: 12/05/23
[    0.150023] NET: Registered protocol family 16
[    0.150619] audit: initializing netlink subsys (disabled)
[    0.152089] cpuidle: using governor ladder
[    0.152536] cpuidle: using governor menu
[    0.152986] ACPI: bus type PCI registered
[    0.153423] acpiphp: ACPI Hot Plug PCI Controller Driver version: 0.5
[    0.154188] PCI: Using configuration type 1 for base access
[    0.154860] audit: type=2000 audit(1701811811.257:1): state=initialized audit_enabled=0 res=1
[    0.156725] HugeTLB registered 2.00 MiB page size, pre-allocated 0 pages
[    0.157610] ACPI: Added _OSI(Module Device)
[    0.158116] ACPI: Added _OSI(Processor Device)
[    0.158647] ACPI: Added _OSI(3.0 _SCP Extensions)
[    0.159202] ACPI: Added _OSI(Processor Aggregator Device)
[    0.160007] ACPI: Added _OSI(Linux-Dell-Video)
[    0.160542] ACPI: Added _OSI(Linux-Lenovo-NV-HDMI-Audio)
[    0.161167] ACPI: Added _OSI(Linux-HPI-Hybrid-Graphics)
[    0.161960] ACPI: Executed 1 blocks of module-level executable AML code
[    0.165120] ACPI: Interpreter enabled
[    0.165582] ACPI: (supports S0 S5)
[    0.166004] ACPI: Using IOAPIC for interrupt routing
[    0.166741] PCI: Using host bridge windows from ACPI; if necessary, use "pci=nocrs" and report a bug
[    0.167898] ACPI: Enabled 2 GPEs in block 00 to 07
[    0.172237] ACPI: PCI Root Bridge [PCI0] (domain 0000 [bus 00-ff])
[    0.173003] acpi PNP0A03:00: _OSC: OS supports [ASPM ClockPM Segments MSI]
[    0.174106] acpi PNP0A03:00: _OSC: not requesting OS control; OS requires [ExtendedConfig ASPM ClockPM MSI]
[    0.175217] acpi PNP0A03:00: fail to add MMCONFIG information, can't access extended PCI configuration space under this bridge.
[    0.176264] PCI host bridge to bus 0000:00
[    0.176765] pci_bus 0000:00: root bus resource [io  0x0000-0x0cf7 window]
[    0.177470] pci_bus 0000:00: root bus resource [io  0x0d00-0xffff window]
[    0.178563] pci_bus 0000:00: root bus resource [mem 0x000a0000-0x000bffff window]
[    0.179330] pci_bus 0000:00: root bus resource [mem 0x20000000-0xfdffffff window]
[    0.180002] pci_bus 0000:00: root bus resource [bus 00-ff]
[    0.181643] pci 0000:00:01.1: legacy IDE quirk: reg 0x10: [io  0x01f0-0x01f7]
[    0.182395] pci 0000:00:01.1: legacy IDE quirk: reg 0x14: [io  0x03f6]
[    0.183059] pci 0000:00:01.1: legacy IDE quirk: reg 0x18: [io  0x0170-0x0177]
[    0.184001] pci 0000:00:01.1: legacy IDE quirk: reg 0x1c: [io  0x0376]
[    0.190545] pci 0000:00:07.0: quirk: [io  0x4000-0x403f] claimed by PIIX4 ACPI
[    0.191396] pci 0000:00:07.0: quirk: [io  0x4100-0x410f] claimed by PIIX4 SMB
[    0.196224] ACPI: PCI Interrupt Link [LNKA] (IRQs 5 9 10 *11)
[    0.197077] ACPI: PCI Interrupt Link [LNKB] (IRQs 5 9 *10 11)
[    0.197745] ACPI: PCI Interrupt Link [LNKC] (IRQs 5 *9 10 11)
[    0.198393] ACPI: PCI Interrupt Link [LNKD] (IRQs 5 9 10 *11)
[    0.199317] SCSI subsystem initialized
[    0.199848] pci 0000:00:02.0: vgaarb: setting as boot VGA device
[    0.200000] pci 0000:00:02.0: vgaarb: VGA device added: decodes=io+mem,owns=io+mem,locks=none
[    0.200002] pci 0000:00:02.0: vgaarb: bridge control possible
[    0.200604] vgaarb: loaded
[    0.200927] ACPI: bus type USB registered
[    0.201365] usbcore: registered new interface driver usbfs
[    0.201945] usbcore: registered new interface driver hub
[    0.202503] usbcore: registered new device driver usb
[    0.204040] EDAC MC: Ver: 3.0.0
[    0.204753] PCI: Using ACPI for IRQ routing
[    0.205422] NetLabel: Initializing
[    0.205830] NetLabel:  domain hash size = 128
[    0.206300] NetLabel:  protocols = UNLABELED CIPSOv4 CALIPSO
[    0.206915] NetLabel:  unlabeled traffic allowed by default
[    0.207553] clocksource: Switched to clocksource kvm-clock
[    0.213326] VFS: Disk quotas dquot_6.6.0
[    0.213842] VFS: Dquot-cache hash table entries: 512 (order 0, 4096 bytes)
[    0.214604] AppArmor: AppArmor Filesystem Enabled
[    0.215268] pnp: PnP ACPI init
[    0.216248] pnp: PnP ACPI: found 3 devices
[    0.222051] clocksource: acpi_pm: mask: 0xffffff max_cycles: 0xffffff, max_idle_ns: 2085701024 ns
[    0.223351] NET: Registered protocol family 2
[    0.223908] IP idents hash table entries: 8192 (order: 4, 65536 bytes)
[    0.224716] TCP established hash table entries: 4096 (order: 3, 32768 bytes)
[    0.225445] TCP bind hash table entries: 4096 (order: 4, 65536 bytes)
[    0.226098] TCP: Hash tables configured (established 4096 bind 4096)
[    0.226759] UDP hash table entries: 256 (order: 1, 8192 bytes)
[    0.227369] UDP-Lite hash table entries: 256 (order: 1, 8192 bytes)
[    0.228016] NET: Registered protocol family 1
[    0.228526] pci 0000:00:00.0: Limiting direct PCI/PCI transfers
[    0.229143] pci 0000:00:01.0: Activating ISA DMA hang workarounds
[    0.229789] pci 0000:00:02.0: Video device with shadowed ROM at [mem 0x000c0000-0x000dffff]
[    0.230707] Unpacking initramfs...
[    0.441931] Freeing initrd memory: 19528K
[    0.443037] clocksource: tsc: mask: 0xffffffffffffffff max_cycles: 0x22df1149949, max_idle_ns: 440795312789 ns
[    0.444203] platform rtc_cmos: registered platform RTC device (no PNP device found)
[    0.445045] Scanning for low memory corruption every 60 seconds
[    0.446018] Initialise system trusted keyrings
[    0.446517] Key type blacklist registered
[    0.446979] workingset: timestamp_bits=36 max_order=17 bucket_order=0
[    0.448937] zbud: loaded
[    0.449023] squashfs: version 4.0 (2009/01/31) Phillip Lougher
[    0.451159] fuse init (API version 7.26)
[    0.452152] Key type asymmetric registered
[    0.452651] Asymmetric key parser 'x509' registered
[    0.453174] Block layer SCSI generic (bsg) driver version 0.4 loaded (major 246)
[    0.453955] io scheduler noop registered
[    0.454377] io scheduler deadline registered
[    0.454846] io scheduler cfq registered (default)
[    0.455541] ACPI: AC Adapter [AC] (on-line)
[    0.456324] input: Power Button as /devices/LNXSYSTM:00/LNXPWRBN:00/input/input0
[    0.457161] ACPI: Power Button [PWRF]
[    0.457602] input: Sleep Button as /devices/LNXSYSTM:00/LNXSLPBN:00/input/input1
[    0.458366] ACPI: Sleep Button [SLPF]
[    0.459331] ACPI: Battery Slot [BAT0] (battery present)
[    0.459964] Serial: 8250/16550 driver, 32 ports, IRQ sharing enabled
[    0.481244] 00:02: ttyS0 at I/O 0x3f8 (irq = 4, base_baud = 115200) is a 16550A
[    0.483092] Linux agpgart interface v0.103
[    0.484565] loop: module loaded
[    0.485268] scsi host0: ata_piix
[    0.485685] scsi host1: ata_piix
[    0.486056] ata1: PATA max UDMA/33 cmd 0x1f0 ctl 0x3f6 bmdma 0xd000 irq 14
[    0.486737] ata2: PATA max UDMA/33 cmd 0x170 ctl 0x376 bmdma 0xd008 irq 15
[    0.487745] tun: Universal TUN/TAP device driver, 1.6
[    0.488322] PPP generic driver version 2.4.2
[    0.488822] ehci_hcd: USB 2.0 'Enhanced' Host Controller (EHCI) Driver
[    0.489694] ehci-pci: EHCI PCI platform driver
[    0.490238] ehci-platform: EHCI generic platform driver
[    0.490789] ohci_hcd: USB 1.1 'Open' Host Controller (OHCI) Driver
[    0.491446] ohci-pci: OHCI PCI platform driver
[    0.491928] ohci-platform: OHCI generic platform driver
[    0.492506] uhci_hcd: USB Universal Host Controller Interface driver
[    0.493186] i8042: PNP: PS/2 Controller [PNP0303:PS2K,PNP0f03:PS2M] at 0x60,0x64 irq 1,12
[    0.494376] serio: i8042 KBD port at 0x60,0x64 irq 1
[    0.494936] serio: i8042 AUX port at 0x60,0x64 irq 12
[    0.495507] mousedev: PS/2 mouse device common for all mice
[    0.496247] input: AT Translated Set 2 keyboard as /devices/platform/i8042/serio0/input/input2
[    0.497392] rtc_cmos rtc_cmos: rtc core: registered rtc_cmos as rtc0
[    0.498087] rtc_cmos rtc_cmos: alarms up to one day, 114 bytes nvram
[    0.498728] i2c /dev entries driver
[    0.499151] device-mapper: uevent: version 1.0.3
[    0.499667] device-mapper: ioctl: 4.37.0-ioctl (2017-09-20) initialised: dm-devel@redhat.com
[    0.500569] ledtrig-cpu: registered to indicate activity on CPUs
[    0.501370] NET: Registered protocol family 10
[    0.503921] Segment Routing with IPv6
[    0.504403] NET: Registered protocol family 17
[    0.504916] Key type dns_resolver registered
[    0.505665] mce: Using 0 MCE banks
[    0.506141] RAS: Correctable Errors collector initialized.
[    0.506768] sched_clock: Marking stable (504382238, 0)->(606262841, -101880603)
[    0.507675] registered taskstats version 1
[    0.508149] Loading compiled-in X.509 certificates
[    0.510053] Loaded X.509 cert 'Build time autogenerated kernel key: b5b26778eaa3ab3a4a6cee031137706e947d12ad'
[    0.511514] Loaded X.509 cert 'Canonical Ltd. Live Patch Signing: 14df34d1a87cf37625abec039ef2bf521249b969'
[    0.514328] Loaded X.509 cert 'Canonical Ltd. Kernel Module Signing: 88f752e560a1e0737e31163a466ad7b70a850c19'
[    0.515534] blacklist: Loading compiled-in revocation X.509 certificates
[    0.516263] Loaded X.509 cert 'Canonical Ltd. Secure Boot Signing: 61482aa2830d0ab2ad5af10b7250da9033ddcef0'
[    0.517318] Loaded X.509 cert 'Canonical Ltd. Secure Boot Signing (2017): 242ade75ac4a15e50d50c84b0d45ff3eae707a03'
[    0.518445] Loaded X.509 cert 'Canonical Ltd. Secure Boot Signing (ESM 2018): 365188c1d374d6b07c3c8f240f8ef722433d6a8b'
[    0.519548] Loaded X.509 cert 'Canonical Ltd. Secure Boot Signing (2019): c0746fd6c5da3ae827864651ad66ae47fe24b3e8'
[    0.520657] Loaded X.509 cert 'Canonical Ltd. Secure Boot Signing (2021 v1): a8d54bbb3825cfb94fa13c9f8a594a195c107b8d'
[    0.521750] Loaded X.509 cert 'Canonical Ltd. Secure Boot Signing (2021 v2): 4cf046892d6fd3c9a5b03f98d845f90851dc6a8c'
[    0.523082] Loaded X.509 cert 'Canonical Ltd. Secure Boot Signing (2021 v3): 100437bb6de6e469b581e61cd66bce3ef4ed53af'
[    0.524236] Loaded X.509 cert 'Canonical Ltd. Secure Boot Signing (Ubuntu Core 2019): c1d57b8f6b743f23ee41f4f7ee292f06eecadfb9'
[    0.525463] zswap: loaded using pool lzo/zbud
[    0.527628] Key type big_key registered
[    0.528113] Key type trusted registered
[    0.529281] Key type encrypted registered
[    0.529758] AppArmor: AppArmor sha1 policy hashing enabled
[    0.530322] ima: No TPM chip found, activating TPM-bypass! (rc=-19)
[    0.530963] ima: Allocated hash algorithm: sha1
[    0.531448] evm: HMAC attrs: 0x1
[    0.531964]   Magic number: 3:120:550
[    0.532398] tty ttyS26: hash matches
[    0.532806] acpi PNP0C0F:01: hash matches
[    0.533271] rtc_cmos rtc_cmos: setting system clock to 2023-12-05 21:30:06 UTC (1701811806)
[    0.534421] BIOS EDD facility v0.16 2004-Jun-25, 0 devices found
[    0.535094] EDD information not available.
[    0.670202] Freeing unused kernel image memory: 2480K
[    0.680092] Write protecting the kernel read-only data: 20480k
[    0.681179] Freeing unused kernel image memory: 2008K
[    0.681969] Freeing unused kernel image memory: 1820K
[    0.686101] x86/mm: Checked W+X mappings: passed, no W+X pages found.
[    0.686831] x86/mm: Checking user space page tables
[    0.691082] x86/mm: Checked W+X mappings: passed, no W+X pages found.
Loading, please wait...
starting version 237
[    0.753395] e1000: Intel(R) PRO/1000 Network Driver - version 7.3.21-k8-NAPI
[    0.754186] e1000: Copyright (c) 1999-2006 Intel Corporation.
[    0.758997] Fusion MPT base driver 3.04.20
[    0.759507] Copyright (c) 1999-2008 LSI Corporation
[    0.766159] Fusion MPT SPI Host driver 3.04.20
[    0.781742] AVX2 version of gcm_enc/dec engaged.
[    0.782431] AES CTR mode by8 optimization enabled
[    0.965678] input: ImExPS/2 Generic Explorer Mouse as /devices/platform/i8042/serio1/input/input4
[    1.118037] e1000 0000:00:03.0 eth0: (PCI:33MHz:32-bit) 02:3b:7b:b7:3b:2d
[    1.118972] e1000 0000:00:03.0 eth0: Intel(R) PRO/1000 Network Connection
[    1.120528] mptbase: ioc0: Initiating bringup
[    1.216626] ioc0: LSI53C1030 A0: Capabilities={Initiator}
[    1.462114] scsi host2: ioc0: LSI53C1030 A0, FwRev=00000000h, Ports=1, MaxQ=256, IRQ=20
[    1.634533] scsi 2:0:0:0: Direct-Access     VBOX     HARDDISK         1.0  PQ: 0 ANSI: 5
[    1.637359] scsi target2:0:0: Beginning Domain Validation
[    1.638625] scsi target2:0:0: Domain Validation skipping write tests
[    1.639401] scsi target2:0:0: Ending Domain Validation
[    1.640005] scsi target2:0:0: asynchronous
[    1.640714] scsi 2:0:1:0: Direct-Access     VBOX     HARDDISK         1.0  PQ: 0 ANSI: 5
[    1.641609] scsi target2:0:1: Beginning Domain Validation
[    1.642543] scsi target2:0:1: Domain Validation skipping write tests
[    1.643222] scsi target2:0:1: Ending Domain Validation
[    1.643777] scsi target2:0:1: asynchronous
[    1.646444] sd 2:0:0:0: [sda] 83886080 512-byte logical blocks: (42.9 GB/40.0 GiB)
[    1.647799] sd 2:0:0:0: [sda] Write Protect is off
[    1.648550] sd 2:0:0:0: [sda] Incomplete mode parameter data
[    1.649132] sd 2:0:0:0: [sda] Assuming drive cache: write through
[    1.649903] sd 2:0:0:0: Attached scsi generic sg0 type 0
[    1.651485] sd 2:0:1:0: [sdb] 20480 512-byte logical blocks: (10.5 MB/10.0 MiB)
[    1.652487] sd 2:0:1:0: [sdb] Write Protect is off
[    1.653149] sd 2:0:1:0: [sdb] Incomplete mode parameter data
[    1.653815] sd 2:0:1:0: [sdb] Assuming drive cache: write through
[    1.654461]  sda: sda1
[    1.655545] sd 2:0:0:0: [sda] Attached SCSI disk
[    1.656262] sd 2:0:1:0: Attached scsi generic sg1 type 0
[    1.657447] sd 2:0:1:0: [sdb] Attached SCSI disk
[    1.982305] e1000 0000:00:08.0 eth1: (PCI:33MHz:32-bit) 08:00:27:68:23:ea
[    1.983219] e1000 0000:00:08.0 eth1: Intel(R) PRO/1000 Network Connection
[    1.984927] e1000 0000:00:08.0 enp0s8: renamed from eth1
[    1.986708] e1000 0000:00:03.0 enp0s3: renamed from eth0
Begin: Loading essential drivers ... [    3.303998] raid6: sse2x1   gen() 14405 MB/s
[    3.373906] raid6: sse2x1   xor() 11934 MB/s
[    3.440820] raid6: sse2x2   gen() 24730 MB/s
[    3.504300] raid6: sse2x2   xor() 14873 MB/s
[    3.567602] raid6: sse2x4   gen() 24146 MB/s
[    3.631276] raid6: sse2x4   xor() 13879 MB/s
[    3.694641] raid6: avx2x1   gen() 34266 MB/s
[    3.754558] raid6: avx2x1   xor() 23182 MB/s
[    3.817951] raid6: avx2x2   gen() 43206 MB/s
[    3.881446] raid6: avx2x2   xor() 27975 MB/s
[    3.944825] raid6: avx2x4   gen() 42385 MB/s
[    4.008394] raid6: avx2x4   xor() 23192 MB/s
[    4.009060] raid6: using algorithm avx2x2 gen() 43206 MB/s
[    4.009729] raid6: .... xor() 27975 MB/s, rmw enabled
[    4.010360] raid6: using avx2x2 recovery algorithm
[    4.012562] xor: automatically using best checksumming function   avx       
[    4.014411] async_tx: api initialized (async)
done.
Begin: Running /scripts/init-premount ... done.
Begin: Mounting root file system ... Begin: Running /scripts/local-top ... done.
Begin: Running /scripts/local-premount ... [    4.055438] Btrfs loaded, crc32c=crc32c-intel
Scanning for Btrfs filesystems
done.
Warning: fsck not present, so skipping root file system
[    4.073887] EXT4-fs (sda1): mounted filesystem with ordered data mode. Opts: (null)
done.
Begin: Running /scripts/local-bottom ... done.
Begin: Running /scripts/init-bottom ... done.
[    4.199521] ip_tables: (C) 2000-2006 Netfilter Core Team
[    4.205092] systemd[1]: systemd 237 running in system mode. (+PAM +AUDIT +SELINUX +IMA +APPARMOR +SMACK +SYSVINIT +UTMP +LIBCRYPTSETUP +GCRYPT +GNUTLS +ACL +XZ +LZ4 +SECCOMP +BLKID +ELFUTILS +KMOD -IDN2 +IDN -PCRE2 default-hierarchy=hybrid)
[    4.207579] systemd[1]: Detected virtualization oracle.
[    4.208217] systemd[1]: Detected architecture x86-64.

Welcome to [1mUbuntu 18.04.6 LTS[0m!

[    4.210845] systemd[1]: Set hostname to <ubuntu>.
[    4.212326] systemd[1]: Initializing machine ID from random generator.
[    4.213042] systemd[1]: Installed transient /etc/machine-id file.
[    4.375814] systemd[1]: Created slice User and Session Slice.
[[0;32m  OK  [0m] Created slice User and Session Slice.
[    4.377341] systemd[1]: Created slice System Slice.
[[0;32m  OK  [0m] Created slice System Slice.
[    4.378376] systemd[1]: Listening on Device-mapper event daemon FIFOs.
[[0;32m  OK  [0m] Listening on Device-mapper event daemon FIFOs.
[    4.379611] systemd[1]: Reached target User and Group Name Lookups.
[[0;32m  OK  [0m] Reached target User and Group Name Lookups.
[[0;32m  OK  [0m] Listening on /dev/initctl Compatibility Named Pipe.
[[0;32m  OK  [0m] Listening on Network Service Netlink Socket.
[[0;32m  OK  [0m] Listening on LVM2 poll daemon socket.
[[0;32m  OK  [0m] Reached target Slices.
[[0;32m  OK  [0m] Listening on udev Control Socket.
[[0;32m  OK  [0m] Listening on Journal Socket (/dev/log).
[[0;32m  OK  [0m] Listening on Journal Socket.
         Starting Uncomplicated firewall...
         Mounting Kernel Debug File System...
         Mounting Huge Pages File System...
         Starting Create list of required stâ€¦ce nodes for the current kernel...
         Starting Set the console keyboard layout...
[[0;32m  OK  [0m] Listening on Syslog Socket.
[[0;32m  OK  [0m] Set up automount Arbitrary Executabâ€¦rmats File System Automount Point.
[[0;32m  OK  [0m] Listening on udev Kernel Socket.
[[0;32m  OK  [0m] Listening on fsck to fsckd communication Socket.
         Starting File System Check on Root Device...
         Starting Load Kernel Modules...
         Starting udev Coldplug all Devices...
[[0;32m  OK  [0m] Started Forward Password Requests to Wall Directory Watch.
[[0;32m  OK  [0m] Listening on LVM2 metadata daemon socket.
         Starting Monitoring of LVM2 mirrorsâ€¦ng dmeventd or progress polling...
         Mounting POSIX Message Queue File System...
[[0;32m  OK  [0m] Listening on Journal Audit Socket.
         Starting Journal Service...
[[0;32m  OK  [0m] Created slice system-serial\x2dgetty.slice.
[[0;32m  OK  [0m] Reached target Swap.
[[0;32m  OK  [0m] Reached target System Time Synchronized.
[[0;32m  OK  [0m] Reached target Mounting snaps.
[[0;32m  OK  [0m] Reached target Mounted snaps.
[[0;32m  OK  [0m] Started Uncomplicated firewall.
[[0;32m  OK  [0m] Mounted Kernel Debug File System.
[[0;32m  OK  [0m] Mounted Huge Pages File System.
[[0;32m  OK  [0m] Started Create list of required staâ€¦vice nodes for the current kernel.
[[0;32m  OK  [0m] Mounted POSIX Message Queue File System.
[[0;32m  OK  [0m] Started File System Check Daemon to report status.
         Starting Create Static Device Nodes in /dev...
[[0;32m  OK  [0m] Started LVM2 metadata daemon.
[[0;32m  OK  [0m] Started udev Coldplug all Devices.
[[0;32m  OK  [0m] Started Journal Service.
[[0;32m  OK  [0m] Started Create Static Device Nodes in /dev.
[    4.507639] Loading iSCSI transport class v2.0-870.
[    4.511946] iscsi: registered transport (tcp)
[    4.524258] iscsi: registered transport (iser)
[[0;32m  OK  [0m] Started Load Kernel Modules.
         Starting Apply Kernel Variables...
         Mounting Kernel Configuration File System...
         Mounting FUSE Control File System...
[[0;32m  OK  [0m] Mounted FUSE Control File System.
[[0;32m  OK  [0m] Mounted Kernel Configuration File System.
[[0;32m  OK  [0m] Started File System Check on Root Device.
         Starting Remount Root and Kernel File Systems...
[[0;32m  OK  [0m] Started Monitoring of LVM2 mirrors,â€¦sing dmeventd or progress polling.
[[0;32m  OK  [0m] Started Apply Kernel Variables.
[[0;32m  OK  [0m] Started Remount Root and Kernel File Systems.
         Starting udev Kernel Device Manager...
         Starting Load/Save Random Seed...
         Starting Flush Journal to Persistent Storage...
[[0;32m  OK  [0m] Started Load/Save Random Seed.
[[0;32m  OK  [0m] Started udev Kernel Device Manager.
[[0;32m  OK  [0m] Started Flush Journal to Persistent Storage.
[[0;32m  OK  [0m] Found device /dev/ttyS0.
[[0;32m  OK  [0m] Listening on Load/Save RF Kill Switch Status /dev/rfkill Watch.
         Mounting Arbitrary Executable File Formats File System...
[[0;32m  OK  [0m] Mounted Arbitrary Executable File Formats File System.
[[0;32m  OK  [0m] Started Set the console keyboard layout.
[[0;32m  OK  [0m] Reached target Local File Systems (Pre).
[[0;32m  OK  [0m] Reached target Local File Systems.
         Starting Set console font and keymap...
         Starting Commit a transient machine-id on disk...
         Starting AppArmor initialization...
         Starting Create Volatile Files and Directories...
         Starting ebtables ruleset management...
         Starting Tell Plymouth To Write Out Runtime Data...
[[0;32m  OK  [0m] Started Dispatch Password Requests to Console Directory Watch.
[[0;32m  OK  [0m] Reached target Local Encrypted Volumes.
[[0;32m  OK  [0m] Started Tell Plymouth To Write Out Runtime Data.
[[0;32m  OK  [0m] Started Commit a transient machine-id on disk.
[[0;32m  OK  [0m] Started Create Volatile Files and Directories.
         Starting Update UTMP about System Boot/Shutdown...
[[0;32m  OK  [0m] Started Update UTMP about System Boot/Shutdown.
[[0;32m  OK  [0m] Started ebtables ruleset management.
[[0;32m  OK  [0m] Started AppArmor initialization.
         Starting Load AppArmor profiles managed internally by snapd...
         Starting Initial cloud-init job (pre-networking)...
[[0;32m  OK  [0m] Started Load AppArmor profiles managed internally by snapd.
[[0;32m  OK  [0m] Started Set console font and keymap.
[    7.627788] cloud-init[815]: Cloud-init v. 23.1.2-0ubuntu0~18.04.1 running 'init-local' at Tue, 05 Dec 2023 21:30:13 +0000. Up 7.42 seconds.
[[0;32m  OK  [0m] Started Initial cloud-init job (pre-networking).
[[0;32m  OK  [0m] Reached target Network (Pre).
         Starting Network Service...
[[0;32m  OK  [0m] Started Network Service.
         Starting Wait for Network to be Configured...
         Starting Network Name Resolution...
[[0;32m  OK  [0m] Started Network Name Resolution.
[[0;32m  OK  [0m] Reached target Network.
[[0;32m  OK  [0m] Reached target Host and Network Name Lookups.
[[0;32m  OK  [0m] Started Wait for Network to be Configured.
         Starting Initial cloud-init job (metadata service crawler)...
[    9.325679] cloud-init[945]: Cloud-init v. 23.1.2-0ubuntu0~18.04.1 running 'init' at Tue, 05 Dec 2023 21:30:15 +0000. Up 9.23 seconds.
[    9.326847] cloud-init[945]: ci-info: ++++++++++++++++++++++++++++++++++++++Net device info+++++++++++++++++++++++++++++++++++++++
[    9.327930] cloud-init[945]: ci-info: +--------+-------+----------------------------+---------------+--------+-------------------+
[    9.329801] cloud-init[945]: ci-info: | Device |   Up  |          Address           |      Mask     | Scope  |     Hw-Address    |
[    9.332655] cloud-init[945]: ci-info: +--------+-------+----------------------------+---------------+--------+-------------------+
[    9.334109] cloud-init[945]: ci-info: | enp0s3 |  True |         10.0.2.15          | 255.255.255.0 | global | 02:3b:7b:b7:3b:2d |
[    9.335043] cloud-init[945]: ci-info: | enp0s3 |  True | fe80::3b:7bff:feb7:3b2d/64 |       .       |  link  | 02:3b:7b:b7:3b:2d |
[    9.338224] cloud-init[945]: ci-info: | enp0s8 | False |             .              |       .       |   .    | 08:00:27:68:23:ea |
[    9.340194] cloud-init[945]: ci-info: |   lo   |  True |         127.0.0.1          |   255.0.0.0   |  host  |         .         |
[    9.342106] cloud-init[945]: ci-info: |   lo   |  True |          ::1/128           |       .       |  host  |         .         |
[    9.344107] cloud-init[945]: ci-info: +--------+-------+----------------------------+---------------+--------+-------------------+
[    9.345330] cloud-init[945]: ci-info: ++++++++++++++++++++++++++++Route IPv4 info+++++++++++++++++++++++++++++
[    9.357999] cloud-init[945]: ci-info: +-------+-------------+----------+-----------------+-----------+-------+
[    9.358889] cloud-init[945]: ci-info: | Route | Destination | Gateway  |     Genmask     | Interface | Flags |
[    9.359699] cloud-init[945]: ci-info: +-------+-------------+----------+-----------------+-----------+-------+
[    9.360491] cloud-init[945]: ci-info: |   0   |   0.0.0.0   | 10.0.2.2 |     0.0.0.0     |   enp0s3  |   UG  |
[    9.362688] cloud-init[945]: ci-info: |   1   |   10.0.2.0  | 0.0.0.0  |  255.255.255.0  |   enp0s3  |   U   |
[    9.363669] cloud-init[945]: ci-info: |   2   |   10.0.2.2  | 0.0.0.0  | 255.255.255.255 |   enp0s3  |   UH  |
[    9.376204] cloud-init[945]: ci-info: +-------+-------------+----------+-----------------+-----------+-------+
[    9.376883] cloud-init[945]: ci-info: +++++++++++++++++++Route IPv6 info+++++++++++++++++++
[    9.377558] cloud-init[945]: ci-info: +-------+-------------+---------+-----------+-------+
[    9.378229] cloud-init[945]: ci-info: | Route | Destination | Gateway | Interface | Flags |
[    9.378914] cloud-init[945]: ci-info: +-------+-------------+---------+-----------+-------+
[    9.380128] cloud-init[945]: ci-info: |   1   |  fe80::/64  |    ::   |   enp0s3  |   U   |
[    9.382652] cloud-init[945]: ci-info: |   3   |    local    |    ::   |   enp0s3  |   U   |
[    9.383320] cloud-init[945]: ci-info: |   4   |   ff00::/8  |    ::   |   enp0s3  |   U   |
[    9.384023] cloud-init[945]: ci-info: +-------+-------------+---------+-----------+-------+
[    9.906689] cloud-init[945]: Generating public/private rsa key pair.
[    9.907540] cloud-init[945]: Your identification has been saved in /etc/ssh/ssh_host_rsa_key.
[    9.908233] cloud-init[945]: Your public key has been saved in /etc/ssh/ssh_host_rsa_key.pub.
[    9.908865] cloud-init[945]: The key fingerprint is:
[    9.909288] cloud-init[945]: SHA256:511XFdO/g3TvHcGQ9Br4c8WdSOV801SCsmkbZlhwXJE root@ubuntu-bionic
[    9.911132] cloud-init[945]: The key's randomart image is:
[    9.911514] cloud-init[945]: +---[RSA 2048]----+
[    9.912072] cloud-init[945]: |        .o..+*++B|
[    9.916204] cloud-init[945]: |         .+ Eo=+B|
[    9.916642] cloud-init[945]: |         o = oo*O|
[    9.917079] cloud-init[945]: |        . B ..o+*|
[    9.917489] cloud-init[945]: |        S+.o.++.=|
[    9.917900] cloud-init[945]: |         o.. oo=.|
[    9.918306] cloud-init[945]: |          . .  .+|
[    9.918764] cloud-init[945]: |                o|
[    9.924110] cloud-init[945]: |                 |
[    9.924555] cloud-init[945]: +----[SHA256]-----+
[    9.925062] cloud-init[945]: Generating public/private dsa key pair.
[    9.925600] cloud-init[945]: Your identification has been saved in /etc/ssh/ssh_host_dsa_key.
[    9.926225] cloud-init[945]: Your public key has been saved in /etc/ssh/ssh_host_dsa_key.pub.
[    9.926858] cloud-init[945]: The key fingerprint is:
[    9.927314] cloud-init[945]: SHA256:tzbkU1Kc9VaX1KVQkWbX1tucK7q0q5n+DG2Jh/1rBxM root@ubuntu-bionic
[    9.943910] cloud-init[945]: The key's randomart image is:
[    9.944349] cloud-init[945]: +---[DSA 1024]----+
[    9.944850] cloud-init[945]: |            ..=+X|
[    9.945296] cloud-init[945]: |           . +++O|
[    9.945731] cloud-init[945]: |            +o.+*|
[    9.946129] cloud-init[945]: |           . E +o|
[    9.946532] cloud-init[945]: |        S + . . .|
[    9.946991] cloud-init[945]: |         +=+.+ . |
[    9.948129] cloud-init[945]: |         +*B. +  |
[    9.948519] cloud-init[945]: |         .O+o. . |
[    9.952204] cloud-init[945]: |        .=o*+oo  |
[    9.952558] cloud-init[945]: +----[SHA256]-----+
[    9.953017] cloud-init[945]: Generating public/private ecdsa key pair.
[    9.953781] cloud-init[945]: Your identification has been saved in /etc/ssh/ssh_host_ecdsa_key.
[    9.954590] cloud-init[945]: Your public key has been saved in /etc/ssh/ssh_host_ecdsa_key.pub.
[    9.956149] cloud-init[945]: The key fingerprint is:
[    9.960259] cloud-init[945]: SHA256:SuV2Zxw7IuD8C8zKCLZdIJLjLSyWCWwPSW3g/WnsDzw root@ubuntu-bionic
[    9.960897] cloud-init[945]: The key's randomart image is:
[    9.961435] cloud-init[945]: +---[ECDSA 256]---+
[    9.961872] cloud-init[945]: | .               |
[    9.962316] cloud-init[945]: |. +              |
[    9.962756] cloud-init[945]: | o +  . .   .    |
[    9.963219] cloud-init[945]: |o.o oo.+   . o   |
[    9.964132] cloud-init[945]: |=* . =+ S o *    |
[    9.968186] cloud-init[945]: |*.B =+ + o + .   |
[    9.968682] cloud-init[945]: |oO o E= .        |
[    9.969164] cloud-init[945]: |+.+o..+. .       |
[    9.969619] cloud-init[945]: | ...o  ..        |
[    9.970118] cloud-init[945]: +----[SHA256]-----+
[    9.970533] cloud-init[945]: Generating public/private ed25519 key pair.
[    9.971284] cloud-init[945]: Your identification has been saved in /etc/ssh/ssh_host_ed25519_key.
[    9.973969] cloud-init[945]: Your public key has been saved in /etc/ssh/ssh_host_ed25519_key.pub.
[    9.974829] cloud-init[945]: The key fingerprint is:
[    9.975300] cloud-init[945]: SHA256:YKmq4v4JHqkrUjPOOE318FnF97EnhJrLg56awVPXt48 root@ubuntu-bionic
[[0;32m  OK  [0m] Started Initial cloud-init job (metadata service crawler).
[[0;32m  OK  [0m] Reached target Network is Online.
[    9.977857] cloud-init[945]: The key's randomart image is:         Starting Availability of block devices...
[[0;32m  OK  [0m] Reached target Remote File Systems (Pre).
[[0;32m  OK  [0m] Reached target Remote File Systems.
[[0;32m  OK  [0m] Reached target Cloud-config availability.
[[0;32m  OK  [0m] Reached target System Initialization.
         Starting Socket activation for snappy daemon.
[[0;32m  OK  [0m] Listening on D-Bus System Message Bus Socket.
[[0;32m  OK  [0m] Started Daily Cleanup of Temporary Directories.
[[0;32m  OK  [0m] Started Ubuntu Advantage Timer for running repeated jobs.
[
[    9.984590] cloud-init[945]: +--[ED25519 256]--+
[    9.985019] cloud-init[945]: |         .   .   |
[    9.985472] cloud-init[945]: |       .  o o o  |
[    9.986028] cloud-init[945]: |      +  . + o o |
[    9.986520] cloud-init[945]: |    oo .. o.  + .|
[    9.987007] cloud-init[945]: |   ..+ oSo... .o |
[    9.987477] cloud-init[945]: |  *. .+...+  . . |
[    9.987965] [0;32m  OK  [0m] Started Discard unused blocks once a week.
[[0;32m  OK  [0m] Listening on ACPID Listen Socket.
[[0;32m  OK  [0m] Started ACPI Events Check.
[[0;32m  OK  [0m] Listening on Open-iSCSI iscsid Socket.
[[0;32m  OK  [0m] Started Daily apt download activities.
[[0;32m  OK  [0m] Reached target Paths.
[[0;32m  OK  [0m] Started Daily apt upgrade and clean activities.
[[0;32m  OK  [0m] Listening on cloud-init hotplug hook socket.cloud-init[945]: | @.o  +. . .  .  |
[    9.998098] cloud-init[945]: |O.* .  +o      o |
[    9.998748] cloud-init[945]: |X*.o  o.      E .|
[    9.999171] cloud-init
         Starting LXD - unix socket.
[[0;32m  OK  [0m] Started Message of the Day.
[[0;32m  OK  [0m] Reached target Timers.
[[0;32m  OK  [0m] Listening on UUID daemon activation socket.
[[0;32m  OK  [0m] Listening on Socket activation for snappy daemon.
[945]: +----[SHA256]-----+
[[0;32m  OK  [0m] Listening on LXD - unix socket.
[[0;32m  OK  [0m] Reached target Sockets.
[[0;32m  OK  [0m] Reached target Basic System.
[[0;32m  OK  [0m] Started FUSE filesystem for LXC.
         Starting Virtualbox guest utils...
[[0;32m  OK  [0m] Started irqbalance daemon.
[[0;32m  OK  [0m] Started Regular background program processing daemon.
         Starting Dispatcher daemon for systemd-networkd...
         Starting Login Service...
         Starting LXD - container startup/shutdown...
         Starting LSB: Record successful boot for GRUB...
         Starting System Logging Service...
         Starting Pollinate to seed the pseudo random number generator...
         Starting Accounts Service...
[[0;32m  OK  [0m] Started Deferred execution scheduler.
         Starting Snap Daemon...
         Starting Permit User Sessions...
         Starting LSB: automatic crash report generation...
[[0;32m  OK  [0m] Started D-Bus System Message Bus.
[[0;32m  OK  [0m] Started Login Service.
[[0;32m  OK  [0m] Started Unattended Upgrades Shutdown.
[[0;32m  OK  [0m] Reached target Login Prompts (Pre).
[[0;32m  OK  [0m] Started System Logging Service.
[[0;32m  OK  [0m] Started Availability of block devices.
[[0;32m  OK  [0m] Started Permit User Sessions.
         Starting Terminate Plymouth Boot Screen...
         Starting Hold until boot process finishes up...
[[0;32m  OK  [0m] Started Hold until boot process finishes up.
         Starting Set console scheme...
[[0;32m  OK  [0m] Started Serial Getty on ttyS0.
[[0;32m  OK  [0m] Started Terminate Plymouth Boot Screen.
[[0;32m  OK  [0m] Started Set console scheme.
[[0;32m  OK  [0m] Created slice system-getty.slice.
[[0;32m  OK  [0m] Started Getty on tty1.
[[0;32m  OK  [0m] Reached target Login Prompts.
         Starting Authorization Manager...
[[0;32m  OK  [0m] Started LSB: automatic crash report generation.
[[0;32m  OK  [0m] Started LXD - container startup/shutdown.
[[0;32m  OK  [0m] Started LSB: Record successful boot for GRUB.
[[0;32m  OK  [0m] Started Authorization Manager.
[[0;32m  OK  [0m] Started Accounts Service.
[[0;32m  OK  [0m] Started Virtualbox guest utils.
[[0;32m  OK  [0m] Started Dispatcher daemon for systemd-networkd.
[[0;32m  OK  [0m] Started Snap Daemon.
         Starting Wait until snapd is fully seeded...
[[0;32m  OK  [0m] Started Pollinate to seed the pseudo random number generator.
         Starting OpenBSD Secure Shell server...
[[0;32m  OK  [0m] Started OpenBSD Secure Shell server.
         Starting Time & Date Service...
[[0;32m  OK  [0m] Started Time & Date Service.
[[0;32m  OK  [0m] Created slice User Slice of vagrant.
         Starting User Manager for UID 1000...
[[0;32m  OK  [0m] Started Session 1 of user vagrant.
[[0;32m  OK  [0m] Started User Manager for UID 1000.
[[0;32m  OK  [0m] Started Wait until snapd is fully seeded.
         Starting Apply the settings specified in cloud-config...
[   14.195589] cloud-init[1506]: Cloud-init v. 23.1.2-0ubuntu0~18.04.1 running 'modules:config' at Tue, 05 Dec 2023 21:30:19 +0000. Up 13.49 seconds.
[[0;32m  OK  [0m] Started Apply the settings specified in cloud-config.
[[0;32m  OK  [0m] Reached target Multi-User System.
[[0;32m  OK  [0m] Reached target Graphical Interface.
         Starting Update UTMP about System Runlevel Changes...
         Starting Execute cloud user/final scripts...
[[0;32m  OK  [0m] Started Update UTMP about System Runlevel Changes.
ci-info: no authorized SSH keys fingerprints found for user ubuntu.
<14>Dec  5 21:30:20 cloud-init: #############################################################
<14>Dec  5 21:30:20 cloud-init: -----BEGIN SSH HOST KEY FINGERPRINTS-----
<14>Dec  5 21:30:21 cloud-init: 1024 SHA256:tzbkU1Kc9VaX1KVQkWbX1tucK7q0q5n+DG2Jh/1rBxM root@ubuntu-bionic (DSA)
<14>Dec  5 21:30:21 cloud-init: 256 SHA256:SuV2Zxw7IuD8C8zKCLZdIJLjLSyWCWwPSW3g/WnsDzw root@ubuntu-bionic (ECDSA)
<14>Dec  5 21:30:21 cloud-init: 256 SHA256:YKmq4v4JHqkrUjPOOE318FnF97EnhJrLg56awVPXt48 root@ubuntu-bionic (ED25519)
<14>Dec  5 21:30:21 cloud-init: 2048 SHA256:511XFdO/g3TvHcGQ9Br4c8WdSOV801SCsmkbZlhwXJE root@ubuntu-bionic (RSA)
<14>Dec  5 21:30:21 cloud-init: -----END SSH HOST KEY FINGERPRINTS-----
<14>Dec  5 21:30:21 cloud-init: #############################################################
-----BEGIN SSH HOST KEY KEYS-----
ecdsa-sha2-nistp256 AAAAE2VjZHNhLXNoYTItbmlzdHAyNTYAAAAIbmlzdHAyNTYAAABBBFl9EadkrY7bYxPuO+Qsw9LZcQ3CzDT/N5rXB8vWNSGZ9TFTz/n+Hc6ppRGOXNUTw60fQpN7ZcNKPAzPRqOjvYs= root@ubuntu-bionic
ssh-ed25519 AAAAC3NzaC1lZDI1NTE5AAAAINfrfVAJqsJHqf8/HUHnwDHrbY6tTh3M2T4PAX8Zik1W root@ubuntu-bionic
ssh-rsa AAAAB3NzaC1yc2EAAAADAQABAAABAQC6ViN9QN7sfIOAK3wP7xUOARUoSKzjhxnovhVaLeFuRjt0+Pw1e9DCj4ZX3VY5K+oLU183mZF16VF3LyCR/hH9jfvEpwtY0DjvD94mUqrh2SxxtjylE1AarUIZ7IPsM+dAkIDhD/hTufcuey+Vsz5ts0syODdKapD73UQNvGlks83zT9LpJSwjq7bihn+ZTg3KpW1hqf/gglEBsxRudA9Qh80kgWvLioNzbN3kivw20Wx+5hSbXySgh4Zdtej3K4Q0gqKUZfPwL610mptfq+IJT2ca5njf/KA3SkwUINCRDzR5EoDVORfZl7zyo6PoRiQVlwuq4eazrlQIncjPl9Zz root@ubuntu-bionic
-----END SSH HOST KEY KEYS-----
[   15.092837] cloud-init[1622]: Cloud-init v. 23.1.2-0ubuntu0~18.04.1 running 'modules:final' at Tue, 05 Dec 2023 21:30:20 +0000. Up 14.89 seconds.
[   15.094356] cloud-init[1622]: Cloud-init v. 23.1.2-0ubuntu0~18.04.1 finished at Tue, 05 Dec 2023 21:30:21 +0000. Datasource DataSourceNoCloud [seed=/dev/sdb][dsmode=net].  Up 15.08 seconds
[[0;32m  OK  [0m] Started Execute cloud user/final scripts.
[[0;32m  OK  [0m] Reached target Cloud-init target.

Ubuntu 18.04.6 LTS ubuntu-bionic ttyS0

ubuntu-bionic login: 